Running 9 test cases...
Entering test module "Main"
test/TestLidDrivenCavity.cpp(60): Entering test suite "MyTests"
test/TestLidDrivenCavity.cpp(65): Entering test case "DomainCheck"

  Test results: Mesh size matches correctly

test/TestLidDrivenCavity.cpp(65): Leaving test case "DomainCheck"; testing time: 314us
test/TestLidDrivenCavity.cpp(88): Entering test case "ReynoldsCheck"

  Test results: Reynolds and Nusselt number specified correctly

test/TestLidDrivenCavity.cpp(88): Leaving test case "ReynoldsCheck"; testing time: 10934us
test/TestLidDrivenCavity.cpp(122): Entering test case "InitialConditionCheck"

  Test results: Initial condition applied correctly

test/TestLidDrivenCavity.cpp(122): Leaving test case "InitialConditionCheck"; testing time: 1210us
test/TestLidDrivenCavity.cpp(236): Entering test case "BoundaryConditionCheck"

  Test results: Boundary condition applied correctly

test/TestLidDrivenCavity.cpp(236): Leaving test case "BoundaryConditionCheck"; testing time: 294us
test/TestLidDrivenCavity.cpp(340): Entering test case "FinalResultsCheck
  
  Test results: LidDrivenCavity solved correctly

test/TestLidDrivenCavity.cpp(340): Leaving test case "FinalResultsCheck"; testing time: 3967418us
test/TestLidDrivenCavity.cpp(445): Entering test case "FinalResults2Check"

  Test results: LidDrivenCavity solved correctly

test/TestLidDrivenCavity.cpp(445): Leaving test case "FinalResults2Check"; testing time: 32839841us
test/TestLidDrivenCavity.cpp(536): Entering test case "FinalResults3Check"

  Test results: LidDrivenCavity solved correctly

test/TestLidDrivenCavity.cpp(536): Leaving test case "FinalResults3Check"; testing time: 13267266us
test/TestLidDrivenCavity.cppTest case MyTests/FinalResults3Check did not check any assertions
test/TestLidDrivenCavity.cpp(536): Leaving test case "FinalResults3Check"; testing time: 13313847us
test/TestLidDrivenCavi
  Test results: Conjugate gradient solver solves correctly

test/TestSolverCG.cpp(57): Leaving test case "SolveArbitraryCheck"; testing time: 2395us
test/TestSolverCG.cpp(108): Entering test ca
  Test results: Con
  Test results: Conjugate gradient solver2 solves correctly

test/TestSolverCG.cpp(108): Leaving test case "SolveRealCheck"; testing time: 15283us
test/TestSolverCG.cpp(22): Leaving test suite 
  Test results: Conjugate gradient solver2 solves correctly

test/TestSolverCG.cpp(108): Leaving test case "SolveRealCheck"; testing time: 17305us
test/TestSolverCG.cpp(22): Leaving test suite "solver_cg"; testing time: 22778us
Leaving test module "Main"; testing time: 50108107us


